
ASUS@DESKTOP-2TKGSBN MINGW64 /d/GIT (thiha)
$ git checkout master
error: Your local changes to the following files would be overwritten by checkout:
        newworld.txt
Please commit your changes or stash them before you switch branches.
Aborting

ASUS@DESKTOP-2TKGSBN MINGW64 /d/GIT (thiha)
$ git status
On branch thiha
Changes not staged for commit:
  (use "git add <file>..." to update what will be committed)
  (use "git restore <file>..." to discard changes in working directory)
        modified:   gitaddd.txt
        modified:   newworld.txt

no changes added to commit (use "git add" and/or "git commit -a")

ASUS@DESKTOP-2TKGSBN MINGW64 /d/GIT (thiha)
$ git add .

ASUS@DESKTOP-2TKGSBN MINGW64 /d/GIT (thiha)
$ git status
On branch thiha
Changes to be committed:
  (use "git restore --staged <file>..." to unstage)
        modified:   gitaddd.txt
        modified:   newworld.txt


ASUS@DESKTOP-2TKGSBN MINGW64 /d/GIT (thiha)
$ git commit -m "Add "
[thiha 1783af1] Add
 2 files changed, 1 insertion(+), 44 deletions(-)

ASUS@DESKTOP-2TKGSBN MINGW64 /d/GIT (thiha)
$ git push origin master
Everything up-to-date

ASUS@DESKTOP-2TKGSBN MINGW64 /d/GIT (thiha)
$ git checkout master
Switched to branch 'master'
Your branch is up to date with 'origin/master'.

ASUS@DESKTOP-2TKGSBN MINGW64 /d/GIT (master)
$ git checkout thiha
Switched to branch 'thiha'

ASUS@DESKTOP-2TKGSBN MINGW64 /d/GIT (thiha)
$ git checkout -b "thh"
Switched to a new branch 'thh'

ASUS@DESKTOP-2TKGSBN MINGW64 /d/GIT (thh)
$ git status
On branch thh
Untracked files:
  (use "git add <file>..." to include in what will be committed)
        new.txt

nothing added to commit but untracked files present (use "git add" to track)

ASUS@DESKTOP-2TKGSBN MINGW64 /d/GIT (thh)
$ git add new.txt

ASUS@DESKTOP-2TKGSBN MINGW64 /d/GIT (thh)
$ git commit -m "ADD new.txt"
[thh b400f2d] ADD new.txt
 1 file changed, 0 insertions(+), 0 deletions(-)
 create mode 100644 new.txt

ASUS@DESKTOP-2TKGSBN MINGW64 /d/GIT (thh)
$ git push orgin thh
fatal: 'orgin' does not appear to be a git repository
fatal: Could not read from remote repository.

Please make sure you have the correct access rights
and the repository exists.

ASUS@DESKTOP-2TKGSBN MINGW64 /d/GIT (thh)
$ git push origin thh
Enumerating objects: 11, done.
Counting objects: 100% (11/11), done.
Delta compression using up to 4 threads
Compressing objects: 100% (7/7), done.
Writing objects: 100% (9/9), 936 bytes | 936.00 KiB/s, done.
Total 9 (delta 2), reused 0 (delta 0)
remote: Resolving deltas: 100% (2/2), completed with 1 local object.
remote:
remote: Create a pull request for 'thh' on GitHub by visiting:
remote:      https://github.com/ThihaHtay/Test/pull/new/thh
remote:
To https://github.com/ThihaHtay/Test.git
 * [new branch]      thh -> thh

ASUS@DESKTOP-2TKGSBN MINGW64 /d/GIT (thh)
$
