
ASUS@DESKTOP-2TKGSBN MINGW64 /d/GIT
$ git init
Initialized empty Git repository in D:/GIT/.git/

ASUS@DESKTOP-2TKGSBN MINGW64 /d/GIT (master)
$ git status
On branch master

No commits yet

Untracked files:
  (use "git add <file>..." to include in what will be committed)
        hellogit.java

nothing added to commit but untracked files present (use "git add" to track)

ASUS@DESKTOP-2TKGSBN MINGW64 /d/GIT (master)
$ git add hellogit
fatal: pathspec 'hellogit' did not match any files

ASUS@DESKTOP-2TKGSBN MINGW64 /d/GIT (master)
$ git add hellogit.java

ASUS@DESKTOP-2TKGSBN MINGW64 /d/GIT (master)
$ git status
On branch master

No commits yet

Changes to be committed:
  (use "git rm --cached <file>..." to unstage)
        new file:   hellogit.java


ASUS@DESKTOP-2TKGSBN MINGW64 /d/GIT (master)
$ git status
On branch master

No commits yet

Changes to be committed:
  (use "git rm --cached <file>..." to unstage)
        new file:   hellogit.java


ASUS@DESKTOP-2TKGSBN MINGW64 /d/GIT (master)
$ git commit -m "First Commet"

*** Please tell me who you are.

Run

  git config --global user.email "you@example.com"
  git config --global user.name "Your Name"

to set your account's default identity.
Omit --global to set the identity only in this repository.

fatal: unable to auto-detect email address (got 'ASUS@DESKTOP-2TKGSBN.(none)')

ASUS@DESKTOP-2TKGSBN MINGW64 /d/GIT (master)
$ git config --global user.name"ThihaHtay"

ASUS@DESKTOP-2TKGSBN MINGW64 /d/GIT (master)
$ git config --global user.email "thihahtay14@gmail.com"

ASUS@DESKTOP-2TKGSBN MINGW64 /d/GIT (master)
$ git commit -m "First Commet"
[master (root-commit) 6eacb12] First Commet
 1 file changed, 5 insertions(+)
 create mode 100644 hellogit.java

ASUS@DESKTOP-2TKGSBN MINGW64 /d/GIT (master)
$ git remote add origin https://github.com/ThihaHtay/Test.git

ASUS@DESKTOP-2TKGSBN MINGW64 /d/GIT (master)
$ git push -u origin master
Enumerating objects: 3, done.
Counting objects: 100% (3/3), done.
Delta compression using up to 4 threads
Compressing objects: 100% (2/2), done.
Writing objects: 100% (3/3), 309 bytes | 309.00 KiB/s, done.
Total 3 (delta 0), reused 0 (delta 0)
To https://github.com/ThihaHtay/Test.git
 * [new branch]      master -> master
Branch 'master' set up to track remote branch 'master' from 'origin'.

ASUS@DESKTOP-2TKGSBN MINGW64 /d/GIT (master)
$
